[debug] [2026-03-25T23:57:15.698Z] ----------------------------------------------------------------------
[debug] [2026-03-25T23:57:15.701Z] Command:       /home/foursimpleproblems/.nvm/versions/node/v22.22.0/bin/node /home/foursimpleproblems/.nvm/versions/node/v22.22.0/bin/firebase deploy --only functions,firestore
[debug] [2026-03-25T23:57:15.702Z] CLI Version:   15.9.0
[debug] [2026-03-25T23:57:15.702Z] Platform:      linux
[debug] [2026-03-25T23:57:15.702Z] Node Version:  v22.22.0
[debug] [2026-03-25T23:57:15.702Z] Time:          Wed Mar 25 2026 19:57:15 GMT-0400 (Eastern Daylight Time)
[debug] [2026-03-25T23:57:15.702Z] ----------------------------------------------------------------------
[debug] 
[debug] [2026-03-25T23:57:16.807Z] > command requires scopes: ["email","openid","https://www.googleapis.com/auth/cloudplatformprojects.readonly","https://www.googleapis.com/auth/firebase","https://www.googleapis.com/auth/cloud-platform"]
[debug] [2026-03-25T23:57:16.807Z] > authorizing via signed-in user (4simpleproblems@gmail.com)
[debug] [2026-03-25T23:57:16.807Z] [iam] checking project project-zirconium for permissions ["cloudfunctions.functions.create","cloudfunctions.functions.delete","cloudfunctions.functions.get","cloudfunctions.functions.list","cloudfunctions.functions.update","cloudfunctions.operations.get","datastore.indexes.create","datastore.indexes.delete","datastore.indexes.list","datastore.indexes.update","firebase.projects.get"]
[debug] [2026-03-25T23:57:16.808Z] Checked if tokens are valid: true, expires at: 1774485490017
[debug] [2026-03-25T23:57:16.809Z] Checked if tokens are valid: true, expires at: 1774485490017
[debug] [2026-03-25T23:57:16.809Z] >>> [apiv2][query] POST https://cloudresourcemanager.googleapis.com/v1/projects/project-zirconium:testIamPermissions [none]
[debug] [2026-03-25T23:57:16.809Z] >>> [apiv2][(partial)header] POST https://cloudresourcemanager.googleapis.com/v1/projects/project-zirconium:testIamPermissions  x-goog-user-project=project-zirconium
[debug] [2026-03-25T23:57:16.809Z] >>> [apiv2][body] POST https://cloudresourcemanager.googleapis.com/v1/projects/project-zirconium:testIamPermissions {"permissions":["cloudfunctions.functions.create","cloudfunctions.functions.delete","cloudfunctions.functions.get","cloudfunctions.functions.list","cloudfunctions.functions.update","cloudfunctions.operations.get","datastore.indexes.create","datastore.indexes.delete","datastore.indexes.list","datastore.indexes.update","firebase.projects.get"]}
[debug] [2026-03-25T23:57:17.013Z] <<< [apiv2][status] POST https://cloudresourcemanager.googleapis.com/v1/projects/project-zirconium:testIamPermissions 200
[debug] [2026-03-25T23:57:17.013Z] <<< [apiv2][body] POST https://cloudresourcemanager.googleapis.com/v1/projects/project-zirconium:testIamPermissions {"permissions":["cloudfunctions.functions.create","cloudfunctions.functions.delete","cloudfunctions.functions.get","cloudfunctions.functions.list","cloudfunctions.functions.update","cloudfunctions.operations.get","datastore.indexes.create","datastore.indexes.delete","datastore.indexes.list","datastore.indexes.update","firebase.projects.get"]}
[debug] [2026-03-25T23:57:17.013Z] Checked if tokens are valid: true, expires at: 1774485490017
[debug] [2026-03-25T23:57:17.013Z] Checked if tokens are valid: true, expires at: 1774485490017
[debug] [2026-03-25T23:57:17.014Z] >>> [apiv2][query] POST https://iam.googleapis.com/v1/projects/project-zirconium/serviceAccounts/project-zirconium@appspot.gserviceaccount.com:testIamPermissions [none]
[debug] [2026-03-25T23:57:17.014Z] >>> [apiv2][body] POST https://iam.googleapis.com/v1/projects/project-zirconium/serviceAccounts/project-zirconium@appspot.gserviceaccount.com:testIamPermissions {"permissions":["iam.serviceAccounts.actAs"]}
[debug] [2026-03-25T23:57:17.261Z] <<< [apiv2][status] POST https://iam.googleapis.com/v1/projects/project-zirconium/serviceAccounts/project-zirconium@appspot.gserviceaccount.com:testIamPermissions 200
[debug] [2026-03-25T23:57:17.261Z] <<< [apiv2][body] POST https://iam.googleapis.com/v1/projects/project-zirconium/serviceAccounts/project-zirconium@appspot.gserviceaccount.com:testIamPermissions {"permissions":["iam.serviceAccounts.actAs"]}
[info] 
[info] === Deploying to 'project-zirconium'...
[info] 
[info] i  deploying firestore, functions 
[info] i  firestore: ensuring required API firestore.googleapis.com is enabled... 
[info] i  firestore: ensuring required API firestore.googleapis.com is enabled... 
[debug] [2026-03-25T23:57:17.265Z] Checked if tokens are valid: true, expires at: 1774485490017
[debug] [2026-03-25T23:57:17.265Z] Checked if tokens are valid: true, expires at: 1774485490017
[debug] [2026-03-25T23:57:17.265Z] >>> [apiv2][query] GET https://firestore.googleapis.com/v1/projects/project-zirconium/databases/(default) [none]
[debug] [2026-03-25T23:57:17.516Z] <<< [apiv2][status] GET https://firestore.googleapis.com/v1/projects/project-zirconium/databases/(default) 200
[debug] [2026-03-25T23:57:17.516Z] <<< [apiv2][body] GET https://firestore.googleapis.com/v1/projects/project-zirconium/databases/(default) {"name":"projects/project-zirconium/databases/(default)","uid":"eddbe3d2-3a8f-4156-84cd-ed44c497d357","createTime":"2025-09-30T22:12:04.810665Z","updateTime":"2025-09-30T22:12:04.810665Z","locationId":"us-east5","type":"FIRESTORE_NATIVE","concurrencyMode":"PESSIMISTIC","versionRetentionPeriod":"604800s","earliestVersionTime":"2026-03-18T23:58:00Z","appEngineIntegrationMode":"DISABLED","pointInTimeRecoveryEnablement":"POINT_IN_TIME_RECOVERY_ENABLED","deleteProtectionState":"DELETE_PROTECTION_DISABLED","backupConfig":{"backupSchedulesEnabled":true},"databaseEdition":"STANDARD","freeTier":true,"realtimeUpdatesMode":"REALTIME_UPDATES_MODE_ENABLED","etag":"ILfIj7mgvJMDMIqX9cuT15ID"}
[info] i  cloud.firestore: checking firestore.rules for compilation errors... 
[debug] [2026-03-25T23:57:17.517Z] Checked if tokens are valid: true, expires at: 1774485490017
[debug] [2026-03-25T23:57:17.517Z] Checked if tokens are valid: true, expires at: 1774485490017
[debug] [2026-03-25T23:57:17.518Z] >>> [apiv2][query] POST https://firebaserules.googleapis.com/v1/projects/project-zirconium:test [none]
[debug] [2026-03-25T23:57:17.518Z] >>> [apiv2][body] POST https://firebaserules.googleapis.com/v1/projects/project-zirconium:test [omitted]
[debug] [2026-03-25T23:57:17.857Z] <<< [apiv2][status] POST https://firebaserules.googleapis.com/v1/projects/project-zirconium:test 200
[debug] [2026-03-25T23:57:17.857Z] <<< [apiv2][body] POST https://firebaserules.googleapis.com/v1/projects/project-zirconium:test {}
[info] ✔  cloud.firestore: rules file firestore.rules compiled successfully 
[debug] [2026-03-25T23:57:17.859Z] Checked if tokens are valid: true, expires at: 1774485490017
[debug] [2026-03-25T23:57:17.859Z] Checked if tokens are valid: true, expires at: 1774485490017
[debug] [2026-03-25T23:57:17.859Z] >>> [apiv2][query] GET https://cloudresourcemanager.googleapis.com/v1/projects/project-zirconium [none]
[debug] [2026-03-25T23:57:17.963Z] <<< [apiv2][status] GET https://cloudresourcemanager.googleapis.com/v1/projects/project-zirconium 200
[debug] [2026-03-25T23:57:17.963Z] <<< [apiv2][body] GET https://cloudresourcemanager.googleapis.com/v1/projects/project-zirconium {"projectNumber":"1096564243475","projectId":"project-zirconium","lifecycleState":"ACTIVE","name":"4SP ","labels":{"firebase":"enabled","firebase-core":"disabled"},"createTime":"2025-09-05T15:28:00.459712Z"}
[info] i  functions: preparing codebase default for deployment 
[info] i  functions: ensuring required API cloudfunctions.googleapis.com is enabled... 
[info] i  functions: ensuring required API cloudbuild.googleapis.com is enabled... 
[info] i  artifactregistry: ensuring required API artifactregistry.googleapis.com is enabled... 
[debug] [2026-03-25T23:57:17.966Z] Checked if tokens are valid: true, expires at: 1774485490017
[debug] [2026-03-25T23:57:17.966Z] Checked if tokens are valid: true, expires at: 1774485490017
[debug] [2026-03-25T23:57:17.966Z] >>> [apiv2][query] GET https://firebase.googleapis.com/v1beta1/projects/project-zirconium/adminSdkConfig [none]
[debug] [2026-03-25T23:57:18.389Z] <<< [apiv2][status] GET https://firebase.googleapis.com/v1beta1/projects/project-zirconium/adminSdkConfig 200
[debug] [2026-03-25T23:57:18.389Z] <<< [apiv2][body] GET https://firebase.googleapis.com/v1beta1/projects/project-zirconium/adminSdkConfig {"projectId":"project-zirconium","storageBucket":"project-zirconium.firebasestorage.app"}
[debug] [2026-03-25T23:57:18.390Z] Checked if tokens are valid: true, expires at: 1774485490017
[debug] [2026-03-25T23:57:18.390Z] Checked if tokens are valid: true, expires at: 1774485490017
[debug] [2026-03-25T23:57:18.390Z] >>> [apiv2][query] GET https://runtimeconfig.googleapis.com/v1beta1/projects/project-zirconium/configs [none]
[debug] [2026-03-25T23:57:18.583Z] <<< [apiv2][status] GET https://runtimeconfig.googleapis.com/v1beta1/projects/project-zirconium/configs 200
[debug] [2026-03-25T23:57:18.584Z] <<< [apiv2][body] GET https://runtimeconfig.googleapis.com/v1beta1/projects/project-zirconium/configs {"configs":[{"name":"projects/project-zirconium/configs/discord"},{"name":"projects/project-zirconium/configs/recaptcha"}]}
[debug] [2026-03-25T23:57:18.584Z] Checked if tokens are valid: true, expires at: 1774485490017
[debug] [2026-03-25T23:57:18.584Z] Checked if tokens are valid: true, expires at: 1774485490017
[debug] [2026-03-25T23:57:18.585Z] Checked if tokens are valid: true, expires at: 1774485490017
[debug] [2026-03-25T23:57:18.585Z] Checked if tokens are valid: true, expires at: 1774485490017
[debug] [2026-03-25T23:57:18.585Z] >>> [apiv2][query] GET https://runtimeconfig.googleapis.com/v1beta1/projects/project-zirconium/configs/discord/variables [none]
[debug] [2026-03-25T23:57:18.586Z] >>> [apiv2][query] GET https://runtimeconfig.googleapis.com/v1beta1/projects/project-zirconium/configs/recaptcha/variables [none]
[debug] [2026-03-25T23:57:18.690Z] <<< [apiv2][status] GET https://runtimeconfig.googleapis.com/v1beta1/projects/project-zirconium/configs/discord/variables 200
[debug] [2026-03-25T23:57:18.690Z] <<< [apiv2][body] GET https://runtimeconfig.googleapis.com/v1beta1/projects/project-zirconium/configs/discord/variables {"variables":[{"name":"projects/project-zirconium/configs/discord/variables/redirect_uri","updateTime":"2025-11-26T04:55:57.764836837Z"},{"name":"projects/project-zirconium/configs/discord/variables/client_id","updateTime":"2025-11-26T04:55:56.939260506Z"},{"name":"projects/project-zirconium/configs/discord/variables/client_secret","updateTime":"2025-11-26T04:55:58.780452037Z"}]}
[debug] [2026-03-25T23:57:18.691Z] Checked if tokens are valid: true, expires at: 1774485490017
[debug] [2026-03-25T23:57:18.691Z] Checked if tokens are valid: true, expires at: 1774485490017
[debug] [2026-03-25T23:57:18.691Z] Checked if tokens are valid: true, expires at: 1774485490017
[debug] [2026-03-25T23:57:18.691Z] Checked if tokens are valid: true, expires at: 1774485490017
[debug] [2026-03-25T23:57:18.691Z] Checked if tokens are valid: true, expires at: 1774485490017
[debug] [2026-03-25T23:57:18.691Z] Checked if tokens are valid: true, expires at: 1774485490017
[debug] [2026-03-25T23:57:18.691Z] >>> [apiv2][query] GET https://runtimeconfig.googleapis.com/v1beta1/projects/project-zirconium/configs/discord/variables/redirect_uri [none]
[debug] [2026-03-25T23:57:18.692Z] >>> [apiv2][query] GET https://runtimeconfig.googleapis.com/v1beta1/projects/project-zirconium/configs/discord/variables/client_id [none]
[debug] [2026-03-25T23:57:18.693Z] >>> [apiv2][query] GET https://runtimeconfig.googleapis.com/v1beta1/projects/project-zirconium/configs/discord/variables/client_secret [none]
[debug] [2026-03-25T23:57:18.727Z] <<< [apiv2][status] GET https://runtimeconfig.googleapis.com/v1beta1/projects/project-zirconium/configs/recaptcha/variables 200
[debug] [2026-03-25T23:57:18.727Z] <<< [apiv2][body] GET https://runtimeconfig.googleapis.com/v1beta1/projects/project-zirconium/configs/recaptcha/variables {"variables":[{"name":"projects/project-zirconium/configs/recaptcha/variables/secret","updateTime":"2025-11-16T19:00:42.013099423Z"}]}
[debug] [2026-03-25T23:57:18.728Z] Checked if tokens are valid: true, expires at: 1774485490017
[debug] [2026-03-25T23:57:18.728Z] Checked if tokens are valid: true, expires at: 1774485490017
[debug] [2026-03-25T23:57:18.728Z] >>> [apiv2][query] GET https://runtimeconfig.googleapis.com/v1beta1/projects/project-zirconium/configs/recaptcha/variables/secret [none]
[debug] [2026-03-25T23:57:18.798Z] <<< [apiv2][status] GET https://runtimeconfig.googleapis.com/v1beta1/projects/project-zirconium/configs/discord/variables/redirect_uri 200
[debug] [2026-03-25T23:57:18.798Z] <<< [apiv2][body] GET https://runtimeconfig.googleapis.com/v1beta1/projects/project-zirconium/configs/discord/variables/redirect_uri {"name":"projects/project-zirconium/configs/discord/variables/redirect_uri","updateTime":"2025-11-26T04:55:57.764836837Z","text":"https://us-central1-project-zirconium.cloudfunctions.net/discordCallback"}
[debug] [2026-03-25T23:57:18.824Z] <<< [apiv2][status] GET https://runtimeconfig.googleapis.com/v1beta1/projects/project-zirconium/configs/recaptcha/variables/secret 200
[debug] [2026-03-25T23:57:18.824Z] <<< [apiv2][body] GET https://runtimeconfig.googleapis.com/v1beta1/projects/project-zirconium/configs/recaptcha/variables/secret {"name":"projects/project-zirconium/configs/recaptcha/variables/secret","updateTime":"2025-11-16T19:00:42.013099423Z","text":"6LdSeOQrAAAAANp7T5Ifn6VuVB0MzE7gdOyzJ-we"}
[debug] [2026-03-25T23:57:18.853Z] <<< [apiv2][status] GET https://runtimeconfig.googleapis.com/v1beta1/projects/project-zirconium/configs/discord/variables/client_secret 200
[debug] [2026-03-25T23:57:18.854Z] <<< [apiv2][body] GET https://runtimeconfig.googleapis.com/v1beta1/projects/project-zirconium/configs/discord/variables/client_secret {"name":"projects/project-zirconium/configs/discord/variables/client_secret","updateTime":"2025-11-26T04:55:58.780452037Z","text":"YOUR_CLIENT_SECRET"}
[debug] [2026-03-25T23:57:18.946Z] <<< [apiv2][status] GET https://runtimeconfig.googleapis.com/v1beta1/projects/project-zirconium/configs/discord/variables/client_id 200
[debug] [2026-03-25T23:57:18.946Z] <<< [apiv2][body] GET https://runtimeconfig.googleapis.com/v1beta1/projects/project-zirconium/configs/discord/variables/client_id {"name":"projects/project-zirconium/configs/discord/variables/client_id","updateTime":"2025-11-26T04:55:56.939260506Z","text":"YOUR_CLIENT_ID"}
[debug] [2026-03-25T23:57:18.948Z] Validating nodejs source
[warn] ⚠  functions: Runtime Node.js 20 will be deprecated on 2026-04-30 and will be decommissioned on 2026-10-30, after which you will not be able to deploy without upgrading. Consider upgrading now to avoid disruption. See https://cloud.google.com/functions/docs/runtime-support for full details on the lifecycle policy 
[warn] ⚠  functions: package.json indicates an outdated version of firebase-functions. Please upgrade using npm install --save firebase-functions@latest in your functions directory. 
[warn] ⚠  functions: Please note that there will be breaking changes when you upgrade. 
[debug] [2026-03-25T23:57:19.548Z] > [functions] package.json contents: {
  "name": "functions",
  "description": "Cloud Functions for Project Zirconium",
  "scripts": {
    "serve": "firebase emulators:start --only functions",
    "shell": "firebase functions:shell",
    "start": "npm run shell",
    "deploy": "firebase deploy --only functions",
    "logs": "firebase functions:log"
  },
  "engines": {
    "node": "20"
  },
  "main": "index.js",
  "dependencies": {
    "axios": "^1.6.0",
    "cors": "^2.8.5",
    "firebase-admin": "^12.1.0",
    "firebase-functions": "^5.0.0",
    "stripe": "^20.4.1"
  },
  "private": true
}
[debug] [2026-03-25T23:57:19.548Z] Building nodejs source
[info] i  functions: Loading and analyzing source code for codebase default to determine what to deploy 
[debug] [2026-03-25T23:57:19.550Z] Could not find functions.yaml. Must use http discovery
[debug] [2026-03-25T23:57:19.557Z] Found firebase-functions binary at '/home/foursimpleproblems/project-niobium/functions/node_modules/.bin/firebase-functions'
[info] Serving at port 8373

[debug] [2026-03-25T23:57:19.992Z] Got response from /__/functions.yaml {"endpoints":{"getWordData":{"platform":"gcfv1","availableMemoryMb":null,"timeoutSeconds":null,"minInstances":null,"maxInstances":null,"ingressSettings":null,"serviceAccountEmail":null,"vpc":null,"httpsTrigger":{},"entryPoint":"getWordData"},"leviumProxy":{"platform":"gcfv1","availableMemoryMb":null,"timeoutSeconds":null,"minInstances":null,"maxInstances":null,"ingressSettings":null,"serviceAccountEmail":null,"vpc":null,"httpsTrigger":{},"entryPoint":"leviumProxy"},"reportContent":{"platform":"gcfv1","labels":{},"availableMemoryMb":null,"timeoutSeconds":null,"minInstances":null,"maxInstances":null,"ingressSettings":null,"serviceAccountEmail":null,"vpc":null,"callableTrigger":{},"entryPoint":"reportContent"},"chatWithGroq":{"platform":"gcfv1","labels":{},"availableMemoryMb":null,"timeoutSeconds":null,"minInstances":null,"maxInstances":null,"ingressSettings":null,"serviceAccountEmail":null,"vpc":null,"callableTrigger":{},"entryPoint":"chatWithGroq"},"deleteUser":{"platform":"gcfv1","labels":{},"availableMemoryMb":null,"timeoutSeconds":null,"minInstances":null,"maxInstances":null,"ingressSettings":null,"serviceAccountEmail":null,"vpc":null,"callableTrigger":{},"entryPoint":"deleteUser"},"getAuthUsers":{"platform":"gcfv1","labels":{},"availableMemoryMb":null,"timeoutSeconds":null,"minInstances":null,"maxInstances":null,"ingressSettings":null,"serviceAccountEmail":null,"vpc":null,"callableTrigger":{},"entryPoint":"getAuthUsers"},"addAdmin":{"platform":"gcfv1","labels":{},"availableMemoryMb":null,"timeoutSeconds":null,"minInstances":null,"maxInstances":null,"ingressSettings":null,"serviceAccountEmail":null,"vpc":null,"callableTrigger":{},"entryPoint":"addAdmin"},"banUser":{"platform":"gcfv1","labels":{},"availableMemoryMb":null,"timeoutSeconds":null,"minInstances":null,"maxInstances":null,"ingressSettings":null,"serviceAccountEmail":null,"vpc":null,"callableTrigger":{},"entryPoint":"banUser"},"unbanUser":{"platform":"gcfv1","labels":{},"availableMemoryMb":null,"timeoutSeconds":null,"minInstances":null,"maxInstances":null,"ingressSettings":null,"serviceAccountEmail":null,"vpc":null,"callableTrigger":{},"entryPoint":"unbanUser"},"generateCode":{"platform":"gcfv1","labels":{},"availableMemoryMb":null,"timeoutSeconds":null,"minInstances":null,"maxInstances":null,"ingressSettings":null,"serviceAccountEmail":null,"vpc":null,"callableTrigger":{},"entryPoint":"generateCode"},"redeemCode":{"platform":"gcfv1","labels":{},"availableMemoryMb":null,"timeoutSeconds":null,"minInstances":null,"maxInstances":null,"ingressSettings":null,"serviceAccountEmail":null,"vpc":null,"callableTrigger":{},"entryPoint":"redeemCode"},"soundboardProcessor":{"platform":"gcfv1","labels":{},"availableMemoryMb":null,"timeoutSeconds":null,"minInstances":null,"maxInstances":null,"ingressSettings":null,"serviceAccountEmail":null,"vpc":null,"callableTrigger":{},"entryPoint":"soundboardProcessor"},"liftExpiredBans":{"platform":"gcfv1","availableMemoryMb":null,"timeoutSeconds":null,"minInstances":null,"maxInstances":null,"ingressSettings":null,"serviceAccountEmail":null,"vpc":null,"httpsTrigger":{},"entryPoint":"liftExpiredBans"},"aggregateAnalytics":{"platform":"gcfv1","availableMemoryMb":null,"timeoutSeconds":null,"minInstances":null,"maxInstances":null,"ingressSettings":null,"serviceAccountEmail":null,"vpc":null,"scheduleTrigger":{"schedule":"every 60 minutes","retryConfig":{"retryCount":null,"maxDoublings":null,"maxRetryDuration":null,"maxBackoffDuration":null,"minBackoffDuration":null},"timeZone":null},"labels":{},"entryPoint":"aggregateAnalytics"},"aggregateAnalyticsHttp":{"platform":"gcfv1","availableMemoryMb":null,"timeoutSeconds":null,"minInstances":null,"maxInstances":null,"ingressSettings":null,"serviceAccountEmail":null,"vpc":null,"httpsTrigger":{},"entryPoint":"aggregateAnalyticsHttp"},"aggregatePlatformAnalytics":{"platform":"gcfv1","availableMemoryMb":null,"timeoutSeconds":null,"minInstances":null,"maxInstances":null,"ingressSettings":null,"serviceAccountEmail":null,"vpc":null,"scheduleTrigger":{"schedule":"every 10 minutes","retryConfig":{"retryCount":null,"maxDoublings":null,"maxRetryDuration":null,"maxBackoffDuration":null,"minBackoffDuration":null},"timeZone":null},"labels":{},"entryPoint":"aggregatePlatformAnalytics"},"updateLeaderboard":{"platform":"gcfv1","availableMemoryMb":null,"timeoutSeconds":null,"minInstances":null,"maxInstances":null,"ingressSettings":null,"serviceAccountEmail":null,"vpc":null,"scheduleTrigger":{"schedule":"every 15 minutes","retryConfig":{"retryCount":null,"maxDoublings":null,"maxRetryDuration":null,"maxBackoffDuration":null,"minBackoffDuration":null},"timeZone":null},"labels":{},"entryPoint":"updateLeaderboard"},"getStripeConfig":{"platform":"gcfv1","labels":{},"availableMemoryMb":null,"timeoutSeconds":null,"minInstances":null,"maxInstances":null,"ingressSettings":null,"serviceAccountEmail":null,"vpc":null,"callableTrigger":{},"entryPoint":"getStripeConfig"},"createCheckoutSession":{"platform":"gcfv1","labels":{},"availableMemoryMb":null,"timeoutSeconds":null,"minInstances":null,"maxInstances":null,"ingressSettings":null,"serviceAccountEmail":null,"vpc":null,"callableTrigger":{},"entryPoint":"createCheckoutSession"},"createPortalSession":{"platform":"gcfv1","labels":{},"availableMemoryMb":null,"timeoutSeconds":null,"minInstances":null,"maxInstances":null,"ingressSettings":null,"serviceAccountEmail":null,"vpc":null,"callableTrigger":{},"entryPoint":"createPortalSession"},"downloadEndpoint":{"platform":"gcfv1","availableMemoryMb":null,"timeoutSeconds":null,"minInstances":null,"maxInstances":null,"ingressSettings":null,"serviceAccountEmail":null,"vpc":null,"httpsTrigger":{},"entryPoint":"downloadEndpoint"}},"specVersion":"v1alpha1","requiredAPIs":[{"api":"cloudscheduler.googleapis.com","reason":"Needed for scheduled functions."}],"extensions":{}}
[info] i  extensions: ensuring required API firebaseextensions.googleapis.com is enabled... 
[debug] [2026-03-25T23:57:24.030Z] > command requires scopes: ["email","openid","https://www.googleapis.com/auth/cloudplatformprojects.readonly","https://www.googleapis.com/auth/firebase","https://www.googleapis.com/auth/cloud-platform"]
[debug] [2026-03-25T23:57:24.030Z] > authorizing via signed-in user (4simpleproblems@gmail.com)
[debug] [2026-03-25T23:57:24.030Z] [iam] checking project project-zirconium for permissions ["firebase.projects.get","firebaseextensions.instances.list"]
[debug] [2026-03-25T23:57:24.030Z] Checked if tokens are valid: true, expires at: 1774485490017
[debug] [2026-03-25T23:57:24.030Z] Checked if tokens are valid: true, expires at: 1774485490017
[debug] [2026-03-25T23:57:24.030Z] >>> [apiv2][query] POST https://cloudresourcemanager.googleapis.com/v1/projects/project-zirconium:testIamPermissions [none]
[debug] [2026-03-25T23:57:24.031Z] >>> [apiv2][(partial)header] POST https://cloudresourcemanager.googleapis.com/v1/projects/project-zirconium:testIamPermissions  x-goog-user-project=project-zirconium
[debug] [2026-03-25T23:57:24.031Z] >>> [apiv2][body] POST https://cloudresourcemanager.googleapis.com/v1/projects/project-zirconium:testIamPermissions {"permissions":["firebase.projects.get","firebaseextensions.instances.list"]}
[debug] [2026-03-25T23:57:24.150Z] <<< [apiv2][status] POST https://cloudresourcemanager.googleapis.com/v1/projects/project-zirconium:testIamPermissions 200
[debug] [2026-03-25T23:57:24.151Z] <<< [apiv2][body] POST https://cloudresourcemanager.googleapis.com/v1/projects/project-zirconium:testIamPermissions {"permissions":["firebase.projects.get","firebaseextensions.instances.list"]}
[debug] [2026-03-25T23:57:24.151Z] Checked if tokens are valid: true, expires at: 1774485490017
[debug] [2026-03-25T23:57:24.151Z] Checked if tokens are valid: true, expires at: 1774485490017
[debug] [2026-03-25T23:57:24.151Z] >>> [apiv2][query] GET https://firebaseextensions.googleapis.com/v1beta/projects/project-zirconium/instances pageSize=100&pageToken=
[debug] [2026-03-25T23:57:24.513Z] <<< [apiv2][status] GET https://firebaseextensions.googleapis.com/v1beta/projects/project-zirconium/instances 200
[debug] [2026-03-25T23:57:24.513Z] <<< [apiv2][body] GET https://firebaseextensions.googleapis.com/v1beta/projects/project-zirconium/instances {}
[info] i  functions: Loaded environment variables from .env. 
[info] i  functions: preparing functions directory for uploading... 
[info] i  functions: packaged /home/foursimpleproblems/project-niobium/functions (37.59 KB) for uploading 
[debug] [2026-03-25T23:57:24.552Z] Checked if tokens are valid: true, expires at: 1774485490017
[debug] [2026-03-25T23:57:24.552Z] Checked if tokens are valid: true, expires at: 1774485490017
[debug] [2026-03-25T23:57:24.552Z] >>> [apiv2][query] GET https://cloudfunctions.googleapis.com/v1/projects/project-zirconium/locations/-/functions [none]
[debug] [2026-03-25T23:57:25.140Z] <<< [apiv2][status] GET https://cloudfunctions.googleapis.com/v1/projects/project-zirconium/locations/-/functions 200
[debug] [2026-03-25T23:57:25.141Z] <<< [apiv2][body] GET https://cloudfunctions.googleapis.com/v1/projects/project-zirconium/locations/-/functions {"functions":[{"name":"projects/project-zirconium/locations/us-central1/functions/redeemCode","httpsTrigger":{"url":"https://us-central1-project-zirconium.cloudfunctions.net/redeemCode","securityLevel":"SECURE_ALWAYS"},"status":"ACTIVE","entryPoint":"redeemCode","timeout":"60s","availableMemoryMb":256,"serviceAccountEmail":"project-zirconium@appspot.gserviceaccount.com","updateTime":"2026-03-25T23:42:48.377Z","versionId":"4","labels":{"deployment-callable":"true","firebase-functions-hash":"4afd1d6c52835c582ee2202aef7270c51c755aba","deployment-tool":"cli-firebase"},"sourceUploadUrl":"https://storage.googleapis.com/uploads-872713332804.us-central1.cloudfunctions.appspot.com/c9ab6ac1-5f32-494d-ae56-862938da1a90.zip","environmentVariables":{"GROQ_API_KEY_1":"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","GROQ_API_KEY_2":"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","FIREBASE_CONFIG":"{\"projectId\":\"project-zirconium\",\"storageBucket\":\"project-zirconium.firebasestorage.app\"}","GCLOUD_PROJECT":"project-zirconium","EVENTARC_CLOUD_EVENT_SOURCE":"projects/project-zirconium/locations/us-central1/functions/redeemCode"},"runtime":"nodejs20","ingressSettings":"ALLOW_ALL","buildId":"50b588d5-5ed3-4e25-9e18-d74078a84298","buildEnvironmentVariables":{"GOOGLE_NODE_RUN_SCRIPTS":""},"buildName":"projects/1096564243475/locations/us-central1/builds/50b588d5-5ed3-4e25-9e18-d74078a84298","dockerRegistry":"ARTIFACT_REGISTRY","automaticUpdatePolicy":{},"buildServiceAccount":"projects/project-zirconium/serviceAccounts/1096564243475-compute@developer.gserviceaccount.com","satisfiesPzi":true},{"name":"projects/project-zirconium/locations/us-central1/functions/updateLeaderboard","eventTrigger":{"eventType":"google.pubsub.topic.publish","resource":"projects/project-zirconium/topics/firebase-schedule-updateLeaderboard-us-central1","service":"pubsub.googleapis.com","failurePolicy":{}},"status":"ACTIVE","entryPoint":"updateLeaderboard","timeout":"60s","availableMemoryMb":256,"serviceAccountEmail":"project-zirconium@appspot.gserviceaccount.com","updateTime":"2026-03-25T23:55:26.421563129Z","versionId":"1","labels":{"deployment-tool":"cli-firebase","deployment-scheduled":"true","firebase-functions-hash":"a3ba78c020fd81a46dbdb526b4ad281871644fd5"},"sourceUploadUrl":"https://storage.googleapis.com/uploads-872713332804.us-central1.cloudfunctions.appspot.com/eec14a59-30cf-4576-9283-3b9c967b4e3b.zip","environmentVariables":{"GROQ_API_KEY_1":"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","GROQ_API_KEY_2":"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","FIREBASE_CONFIG":"{\"projectId\":\"project-zirconium\",\"storageBucket\":\"project-zirconium.firebasestorage.app\"}","GCLOUD_PROJECT":"project-zirconium","EVENTARC_CLOUD_EVENT_SOURCE":"projects/project-zirconium/locations/us-central1/functions/updateLeaderboard"},"runtime":"nodejs20","maxInstances":3000,"ingressSettings":"ALLOW_ALL","buildId":"102b866a-aa5a-4a62-810d-dd3a33943ed6","buildEnvironmentVariables":{"GOOGLE_NODE_RUN_SCRIPTS":""},"buildName":"projects/1096564243475/locations/us-central1/builds/102b866a-aa5a-4a62-810d-dd3a33943ed6","dockerRegistry":"ARTIFACT_REGISTRY","automaticUpdatePolicy":{},"buildServiceAccount":"projects/project-zirconium/serviceAccounts/1096564243475-compute@developer.gserviceaccount.com","satisfiesPzi":true},{"name":"projects/project-zirconium/locations/us-central1/functions/aggregateAnalytics","eventTrigger":{"eventType":"google.pubsub.topic.publish","resource":"projects/project-zirconium/topics/firebase-schedule-aggregateAnalytics-us-central1","service":"pubsub.googleapis.com","failurePolicy":{}},"status":"ACTIVE","entryPoint":"aggregateAnalytics","timeout":"60s","availableMemoryMb":256,"serviceAccountEmail":"project-zirconium@appspot.gserviceaccount.com","updateTime":"2026-03-25T23:42:46.145Z","versionId":"2","labels":{"deployment-tool":"cli-firebase","deployment-scheduled":"true","firebase-functions-hash":"4afd1d6c52835c582ee2202aef7270c51c755aba"},"sourceUploadUrl":"https://storage.googleapis.com/uploads-872713332804.us-central1.cloudfunctions.appspot.com/c9ab6ac1-5f32-494d-ae56-862938da1a90.zip","environmentVariables":{"GROQ_API_KEY_1":"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","GROQ_API_KEY_2":"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","FIREBASE_CONFIG":"{\"projectId\":\"project-zirconium\",\"storageBucket\":\"project-zirconium.firebasestorage.app\"}","GCLOUD_PROJECT":"project-zirconium","EVENTARC_CLOUD_EVENT_SOURCE":"projects/project-zirconium/locations/us-central1/functions/aggregateAnalytics"},"runtime":"nodejs20","maxInstances":3000,"ingressSettings":"ALLOW_ALL","buildId":"50b588d5-5ed3-4e25-9e18-d74078a84298","buildEnvironmentVariables":{"GOOGLE_NODE_RUN_SCRIPTS":""},"buildName":"projects/1096564243475/locations/us-central1/builds/50b588d5-5ed3-4e25-9e18-d74078a84298","dockerRegistry":"ARTIFACT_REGISTRY","automaticUpdatePolicy":{},"buildServiceAccount":"projects/project-zirconium/serviceAccounts/1096564243475-compute@developer.gserviceaccount.com","satisfiesPzi":true},{"name":"projects/project-zirconium/locations/us-central1/functions/liftExpiredBans","httpsTrigger":{"url":"https://us-central1-project-zirconium.cloudfunctions.net/liftExpiredBans","securityLevel":"SECURE_ALWAYS"},"status":"ACTIVE","entryPoint":"liftExpiredBans","timeout":"60s","availableMemoryMb":256,"serviceAccountEmail":"project-zirconium@appspot.gserviceaccount.com","updateTime":"2026-03-25T23:42:52.777Z","versionId":"4","labels":{"deployment-tool":"cli-firebase","firebase-functions-hash":"4afd1d6c52835c582ee2202aef7270c51c755aba"},"sourceUploadUrl":"https://storage.googleapis.com/uploads-872713332804.us-central1.cloudfunctions.appspot.com/c9ab6ac1-5f32-494d-ae56-862938da1a90.zip","environmentVariables":{"GROQ_API_KEY_1":"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","GROQ_API_KEY_2":"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","FIREBASE_CONFIG":"{\"projectId\":\"project-zirconium\",\"storageBucket\":\"project-zirconium.firebasestorage.app\"}","GCLOUD_PROJECT":"project-zirconium","EVENTARC_CLOUD_EVENT_SOURCE":"projects/project-zirconium/locations/us-central1/functions/liftExpiredBans"},"runtime":"nodejs20","ingressSettings":"ALLOW_ALL","buildId":"50b588d5-5ed3-4e25-9e18-d74078a84298","buildEnvironmentVariables":{"GOOGLE_NODE_RUN_SCRIPTS":""},"buildName":"projects/1096564243475/locations/us-central1/builds/50b588d5-5ed3-4e25-9e18-d74078a84298","dockerRegistry":"ARTIFACT_REGISTRY","automaticUpdatePolicy":{},"buildServiceAccount":"projects/project-zirconium/serviceAccounts/1096564243475-compute@developer.gserviceaccount.com","satisfiesPzi":true},{"name":"projects/project-zirconium/locations/us-central1/functions/deleteUser","httpsTrigger":{"url":"https://us-central1-project-zirconium.cloudfunctions.net/deleteUser","securityLevel":"SECURE_ALWAYS"},"status":"ACTIVE","entryPoint":"deleteUser","timeout":"60s","availableMemoryMb":256,"serviceAccountEmail":"project-zirconium@appspot.gserviceaccount.com","updateTime":"2026-03-25T23:42:48.219Z","versionId":"4","labels":{"deployment-tool":"cli-firebase","deployment-callable":"true","firebase-functions-hash":"4afd1d6c52835c582ee2202aef7270c51c755aba"},"sourceUploadUrl":"https://storage.googleapis.com/uploads-872713332804.us-central1.cloudfunctions.appspot.com/c9ab6ac1-5f32-494d-ae56-862938da1a90.zip","environmentVariables":{"GROQ_API_KEY_1":"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","GROQ_API_KEY_2":"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","FIREBASE_CONFIG":"{\"projectId\":\"project-zirconium\",\"storageBucket\":\"project-zirconium.firebasestorage.app\"}","GCLOUD_PROJECT":"project-zirconium","EVENTARC_CLOUD_EVENT_SOURCE":"projects/project-zirconium/locations/us-central1/functions/deleteUser"},"runtime":"nodejs20","ingressSettings":"ALLOW_ALL","buildId":"50b588d5-5ed3-4e25-9e18-d74078a84298","buildEnvironmentVariables":{"GOOGLE_NODE_RUN_SCRIPTS":""},"buildName":"projects/1096564243475/locations/us-central1/builds/50b588d5-5ed3-4e25-9e18-d74078a84298","dockerRegistry":"ARTIFACT_REGISTRY","automaticUpdatePolicy":{},"buildServiceAccount":"projects/project-zirconium/serviceAccounts/1096564243475-compute@developer.gserviceaccount.com","satisfiesPzi":true},{"name":"projects/project-zirconium/locations/us-central1/functions/createPortalSession","httpsTrigger":{"url":"https://us-central1-project-zirconium.cloudfunctions.net/createPortalSession","securityLevel":"SECURE_ALWAYS"},"status":"ACTIVE","entryPoint":"createPortalSession","timeout":"60s","availableMemoryMb":256,"serviceAccountEmail":"project-zirconium@appspot.gserviceaccount.com","updateTime":"2026-03-25T23:42:50.280Z","versionId":"4","labels":{"deployment-tool":"cli-firebase","deployment-callable":"true","firebase-functions-hash":"4afd1d6c52835c582ee2202aef7270c51c755aba"},"sourceUploadUrl":"https://storage.googleapis.com/uploads-872713332804.us-central1.cloudfunctions.appspot.com/c9ab6ac1-5f32-494d-ae56-862938da1a90.zip","environmentVariables":{"GROQ_API_KEY_1":"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","GROQ_API_KEY_2":"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","FIREBASE_CONFIG":"{\"projectId\":\"project-zirconium\",\"storageBucket\":\"project-zirconium.firebasestorage.app\"}","GCLOUD_PROJECT":"project-zirconium","EVENTARC_CLOUD_EVENT_SOURCE":"projects/project-zirconium/locations/us-central1/functions/createPortalSession"},"runtime":"nodejs20","ingressSettings":"ALLOW_ALL","buildId":"50b588d5-5ed3-4e25-9e18-d74078a84298","buildEnvironmentVariables":{"GOOGLE_NODE_RUN_SCRIPTS":""},"buildName":"projects/1096564243475/locations/us-central1/builds/50b588d5-5ed3-4e25-9e18-d74078a84298","dockerRegistry":"ARTIFACT_REGISTRY","automaticUpdatePolicy":{},"buildServiceAccount":"projects/project-zirconium/serviceAccounts/1096564243475-compute@developer.gserviceaccount.com","satisfiesPzi":true},{"name":"projects/project-zirconium/locations/us-central1/functions/addAdmin","httpsTrigger":{"url":"https://us-central1-project-zirconium.cloudfunctions.net/addAdmin","securityLevel":"SECURE_ALWAYS"},"status":"ACTIVE","entryPoint":"addAdmin","timeout":"60s","availableMemoryMb":256,"serviceAccountEmail":"project-zirconium@appspot.gserviceaccount.com","updateTime":"2026-03-25T23:42:45.495Z","versionId":"4","labels":{"deployment-tool":"cli-firebase","deployment-callable":"true","firebase-functions-hash":"4afd1d6c52835c582ee2202aef7270c51c755aba"},"sourceUploadUrl":"https://storage.googleapis.com/uploads-872713332804.us-central1.cloudfunctions.appspot.com/c9ab6ac1-5f32-494d-ae56-862938da1a90.zip","environmentVariables":{"GROQ_API_KEY_1":"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","GROQ_API_KEY_2":"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","FIREBASE_CONFIG":"{\"projectId\":\"project-zirconium\",\"storageBucket\":\"project-zirconium.firebasestorage.app\"}","GCLOUD_PROJECT":"project-zirconium","EVENTARC_CLOUD_EVENT_SOURCE":"projects/project-zirconium/locations/us-central1/functions/addAdmin"},"runtime":"nodejs20","ingressSettings":"ALLOW_ALL","buildId":"50b588d5-5ed3-4e25-9e18-d74078a84298","buildEnvironmentVariables":{"GOOGLE_NODE_RUN_SCRIPTS":""},"buildName":"projects/1096564243475/locations/us-central1/builds/50b588d5-5ed3-4e25-9e18-d74078a84298","dockerRegistry":"ARTIFACT_REGISTRY","automaticUpdatePolicy":{},"buildServiceAccount":"projects/project-zirconium/serviceAccounts/1096564243475-compute@developer.gserviceaccount.com","satisfiesPzi":true},{"name":"projects/project-zirconium/locations/us-central1/functions/cleanupExpiredDailyPhotosHttp","httpsTrigger":{"url":"https://us-central1-project-zirconium.cloudfunctions.net/cleanupExpiredDailyPhotosHttp","securityLevel":"SECURE_ALWAYS"},"status":"ACTIVE","entryPoint":"cleanupExpiredDailyPhotosHttp","timeout":"60s","availableMemoryMb":256,"serviceAccountEmail":"project-zirconium@appspot.gserviceaccount.com","updateTime":"2026-03-21T03:06:25.887400338Z","versionId":"1","labels":{"firebase-functions-hash":"3eab56796019093a53e5eeeaccce7824587fd6e1","deployment-tool":"cli-firebase"},"sourceUploadUrl":"https://storage.googleapis.com/uploads-872713332804.us-central1.cloudfunctions.appspot.com/4bc110c5-dd29-4c5e-8f4c-996d08d47f41.zip","environmentVariables":{"GROQ_API_KEY_1":"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","GROQ_API_KEY_2":"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","FIREBASE_CONFIG":"{\"projectId\":\"project-zirconium\",\"storageBucket\":\"project-zirconium.firebasestorage.app\"}","GCLOUD_PROJECT":"project-zirconium","EVENTARC_CLOUD_EVENT_SOURCE":"projects/project-zirconium/locations/us-central1/functions/cleanupExpiredDailyPhotosHttp"},"runtime":"nodejs20","ingressSettings":"ALLOW_ALL","buildId":"89cccbb0-fab3-48fe-89be-597b93828eeb","buildEnvironmentVariables":{"GOOGLE_NODE_RUN_SCRIPTS":""},"buildName":"projects/1096564243475/locations/us-central1/builds/89cccbb0-fab3-48fe-89be-597b93828eeb","dockerRegistry":"ARTIFACT_REGISTRY","automaticUpdatePolicy":{},"buildServiceAccount":"projects/project-zirconium/serviceAccounts/1096564243475-compute@developer.gserviceaccount.com","satisfiesPzi":true},{"name":"projects/project-zirconium/locations/us-central1/functions/chatWithGroq","httpsTrigger":{"url":"https://us-central1-project-zirconium.cloudfunctions.net/chatWithGroq","securityLevel":"SECURE_ALWAYS"},"status":"ACTIVE","entryPoint":"chatWithGroq","timeout":"60s","availableMemoryMb":256,"serviceAccountEmail":"project-zirconium@appspot.gserviceaccount.com","updateTime":"2026-03-25T23:42:50.354Z","versionId":"4","labels":{"deployment-tool":"cli-firebase","deployment-callable":"true","firebase-functions-hash":"4afd1d6c52835c582ee2202aef7270c51c755aba"},"sourceUploadUrl":"https://storage.googleapis.com/uploads-872713332804.us-central1.cloudfunctions.appspot.com/c9ab6ac1-5f32-494d-ae56-862938da1a90.zip","environmentVariables":{"GROQ_API_KEY_1":"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","GROQ_API_KEY_2":"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","FIREBASE_CONFIG":"{\"projectId\":\"project-zirconium\",\"storageBucket\":\"project-zirconium.firebasestorage.app\"}","GCLOUD_PROJECT":"project-zirconium","EVENTARC_CLOUD_EVENT_SOURCE":"projects/project-zirconium/locations/us-central1/functions/chatWithGroq"},"runtime":"nodejs20","ingressSettings":"ALLOW_ALL","buildId":"50b588d5-5ed3-4e25-9e18-d74078a84298","buildEnvironmentVariables":{"GOOGLE_NODE_RUN_SCRIPTS":""},"buildName":"projects/1096564243475/locations/us-central1/builds/50b588d5-5ed3-4e25-9e18-d74078a84298","dockerRegistry":"ARTIFACT_REGISTRY","automaticUpdatePolicy":{},"buildServiceAccount":"projects/project-zirconium/serviceAccounts/1096564243475-compute@developer.gserviceaccount.com","satisfiesPzi":true},{"name":"projects/project-zirconium/locations/us-central1/functions/leviumProxy","httpsTrigger":{"url":"https://us-central1-project-zirconium.cloudfunctions.net/leviumProxy","securityLevel":"SECURE_ALWAYS"},"status":"ACTIVE","entryPoint":"leviumProxy","timeout":"60s","availableMemoryMb":256,"serviceAccountEmail":"project-zirconium@appspot.gserviceaccount.com","updateTime":"2026-03-25T23:42:50.311Z","versionId":"4","labels":{"deployment-tool":"cli-firebase","firebase-functions-hash":"4afd1d6c52835c582ee2202aef7270c51c755aba"},"sourceUploadUrl":"https://storage.googleapis.com/uploads-872713332804.us-central1.cloudfunctions.appspot.com/c9ab6ac1-5f32-494d-ae56-862938da1a90.zip","environmentVariables":{"GROQ_API_KEY_1":"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","GROQ_API_KEY_2":"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","FIREBASE_CONFIG":"{\"projectId\":\"project-zirconium\",\"storageBucket\":\"project-zirconium.firebasestorage.app\"}","GCLOUD_PROJECT":"project-zirconium","EVENTARC_CLOUD_EVENT_SOURCE":"projects/project-zirconium/locations/us-central1/functions/leviumProxy"},"runtime":"nodejs20","ingressSettings":"ALLOW_ALL","buildId":"50b588d5-5ed3-4e25-9e18-d74078a84298","buildEnvironmentVariables":{"GOOGLE_NODE_RUN_SCRIPTS":""},"buildName":"projects/1096564243475/locations/us-central1/builds/50b588d5-5ed3-4e25-9e18-d74078a84298","dockerRegistry":"ARTIFACT_REGISTRY","automaticUpdatePolicy":{},"buildServiceAccount":"projects/project-zirconium/serviceAccounts/1096564243475-compute@developer.gserviceaccount.com","satisfiesPzi":true},{"name":"projects/project-zirconium/locations/us-central1/functions/unbanUser","httpsTrigger":{"url":"https://us-central1-project-zirconium.cloudfunctions.net/unbanUser","securityLevel":"SECURE_ALWAYS"},"status":"ACTIVE","entryPoint":"unbanUser","timeout":"60s","availableMemoryMb":256,"serviceAccountEmail":"project-zirconium@appspot.gserviceaccount.com","updateTime":"2026-03-25T23:42:50.016Z","versionId":"4","labels":{"deployment-tool":"cli-firebase","deployment-callable":"true","firebase-functions-hash":"4afd1d6c52835c582ee2202aef7270c51c755aba"},"sourceUploadUrl":"https://storage.googleapis.com/uploads-872713332804.us-central1.cloudfunctions.appspot.com/c9ab6ac1-5f32-494d-ae56-862938da1a90.zip","environmentVariables":{"GROQ_API_KEY_1":"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","GROQ_API_KEY_2":"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","FIREBASE_CONFIG":"{\"projectId\":\"project-zirconium\",\"storageBucket\":\"project-zirconium.firebasestorage.app\"}","GCLOUD_PROJECT":"project-zirconium","EVENTARC_CLOUD_EVENT_SOURCE":"projects/project-zirconium/locations/us-central1/functions/unbanUser"},"runtime":"nodejs20","ingressSettings":"ALLOW_ALL","buildId":"50b588d5-5ed3-4e25-9e18-d74078a84298","buildEnvironmentVariables":{"GOOGLE_NODE_RUN_SCRIPTS":""},"buildName":"projects/1096564243475/locations/us-central1/builds/50b588d5-5ed3-4e25-9e18-d74078a84298","dockerRegistry":"ARTIFACT_REGISTRY","automaticUpdatePolicy":{},"buildServiceAccount":"projects/project-zirconium/serviceAccounts/1096564243475-compute@developer.gserviceaccount.com","satisfiesPzi":true},{"name":"projects/project-zirconium/locations/us-central1/functions/downloadEndpoint","httpsTrigger":{"url":"https://us-central1-project-zirconium.cloudfunctions.net/downloadEndpoint","securityLevel":"SECURE_ALWAYS"},"status":"ACTIVE","entryPoint":"downloadEndpoint","timeout":"60s","availableMemoryMb":256,"serviceAccountEmail":"project-zirconium@appspot.gserviceaccount.com","updateTime":"2026-03-25T23:42:49.088Z","versionId":"4","labels":{"deployment-tool":"cli-firebase","firebase-functions-hash":"4afd1d6c52835c582ee2202aef7270c51c755aba"},"sourceUploadUrl":"https://storage.googleapis.com/uploads-872713332804.us-central1.cloudfunctions.appspot.com/c9ab6ac1-5f32-494d-ae56-862938da1a90.zip","environmentVariables":{"GROQ_API_KEY_1":"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","GROQ_API_KEY_2":"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","FIREBASE_CONFIG":"{\"projectId\":\"project-zirconium\",\"storageBucket\":\"project-zirconium.firebasestorage.app\"}","GCLOUD_PROJECT":"project-zirconium","EVENTARC_CLOUD_EVENT_SOURCE":"projects/project-zirconium/locations/us-central1/functions/downloadEndpoint"},"runtime":"nodejs20","ingressSettings":"ALLOW_ALL","buildId":"50b588d5-5ed3-4e25-9e18-d74078a84298","buildEnvironmentVariables":{"GOOGLE_NODE_RUN_SCRIPTS":""},"buildName":"projects/1096564243475/locations/us-central1/builds/50b588d5-5ed3-4e25-9e18-d74078a84298","dockerRegistry":"ARTIFACT_REGISTRY","automaticUpdatePolicy":{},"buildServiceAccount":"projects/project-zirconium/serviceAccounts/1096564243475-compute@developer.gserviceaccount.com","satisfiesPzi":true},{"name":"projects/project-zirconium/locations/us-central1/functions/banUser","httpsTrigger":{"url":"https://us-central1-project-zirconium.cloudfunctions.net/banUser","securityLevel":"SECURE_ALWAYS"},"status":"ACTIVE","entryPoint":"banUser","timeout":"60s","availableMemoryMb":256,"serviceAccountEmail":"project-zirconium@appspot.gserviceaccount.com","updateTime":"2026-03-25T23:42:49.168Z","versionId":"4","labels":{"deployment-tool":"cli-firebase","deployment-callable":"true","firebase-functions-hash":"4afd1d6c52835c582ee2202aef7270c51c755aba"},"sourceUploadUrl":"https://storage.googleapis.com/uploads-872713332804.us-central1.cloudfunctions.appspot.com/c9ab6ac1-5f32-494d-ae56-862938da1a90.zip","environmentVariables":{"GROQ_API_KEY_1":"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","GROQ_API_KEY_2":"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","FIREBASE_CONFIG":"{\"projectId\":\"project-zirconium\",\"storageBucket\":\"project-zirconium.firebasestorage.app\"}","GCLOUD_PROJECT":"project-zirconium","EVENTARC_CLOUD_EVENT_SOURCE":"projects/project-zirconium/locations/us-central1/functions/banUser"},"runtime":"nodejs20","ingressSettings":"ALLOW_ALL","buildId":"50b588d5-5ed3-4e25-9e18-d74078a84298","buildEnvironmentVariables":{"GOOGLE_NODE_RUN_SCRIPTS":""},"buildName":"projects/1096564243475/locations/us-central1/builds/50b588d5-5ed3-4e25-9e18-d74078a84298","dockerRegistry":"ARTIFACT_REGISTRY","automaticUpdatePolicy":{},"buildServiceAccount":"projects/project-zirconium/serviceAccounts/1096564243475-compute@developer.gserviceaccount.com","satisfiesPzi":true},{"name":"projects/project-zirconium/locations/us-central1/functions/cleanupExpiredDailyPhotos","eventTrigger":{"eventType":"google.pubsub.topic.publish","resource":"projects/project-zirconium/topics/firebase-schedule-cleanupExpiredDailyPhotos-us-central1","service":"pubsub.googleapis.com","failurePolicy":{}},"status":"ACTIVE","entryPoint":"cleanupExpiredDailyPhotos","timeout":"60s","availableMemoryMb":256,"serviceAccountEmail":"project-zirconium@appspot.gserviceaccount.com","updateTime":"2026-03-21T03:06:30.698457819Z","versionId":"1","labels":{"deployment-tool":"cli-firebase","deployment-scheduled":"true","firebase-functions-hash":"3eab56796019093a53e5eeeaccce7824587fd6e1"},"sourceUploadUrl":"https://storage.googleapis.com/uploads-872713332804.us-central1.cloudfunctions.appspot.com/4bc110c5-dd29-4c5e-8f4c-996d08d47f41.zip","environmentVariables":{"GROQ_API_KEY_1":"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","GROQ_API_KEY_2":"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","FIREBASE_CONFIG":"{\"projectId\":\"project-zirconium\",\"storageBucket\":\"project-zirconium.firebasestorage.app\"}","GCLOUD_PROJECT":"project-zirconium","EVENTARC_CLOUD_EVENT_SOURCE":"projects/project-zirconium/locations/us-central1/functions/cleanupExpiredDailyPhotos"},"runtime":"nodejs20","maxInstances":3000,"ingressSettings":"ALLOW_ALL","buildId":"89cccbb0-fab3-48fe-89be-597b93828eeb","buildEnvironmentVariables":{"GOOGLE_NODE_RUN_SCRIPTS":""},"buildName":"projects/1096564243475/locations/us-central1/builds/89cccbb0-fab3-48fe-89be-597b93828eeb","dockerRegistry":"ARTIFACT_REGISTRY","automaticUpdatePolicy":{},"buildServiceAccount":"projects/project-zirconium/serviceAccounts/1096564243475-compute@developer.gserviceaccount.com","satisfiesPzi":true},{"name":"projects/project-zirconium/locations/us-central1/functions/aggregateAnalyticsHttp","httpsTrigger":{"url":"https://us-central1-project-zirconium.cloudfunctions.net/aggregateAnalyticsHttp","securityLevel":"SECURE_ALWAYS"},"status":"ACTIVE","entryPoint":"aggregateAnalyticsHttp","timeout":"60s","availableMemoryMb":256,"serviceAccountEmail":"project-zirconium@appspot.gserviceaccount.com","updateTime":"2026-03-25T23:42:49.416Z","versionId":"2","labels":{"firebase-functions-hash":"4afd1d6c52835c582ee2202aef7270c51c755aba","deployment-tool":"cli-firebase"},"sourceUploadUrl":"https://storage.googleapis.com/uploads-872713332804.us-central1.cloudfunctions.appspot.com/c9ab6ac1-5f32-494d-ae56-862938da1a90.zip","environmentVariables":{"GROQ_API_KEY_1":"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","GROQ_API_KEY_2":"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","FIREBASE_CONFIG":"{\"projectId\":\"project-zirconium\",\"storageBucket\":\"project-zirconium.firebasestorage.app\"}","GCLOUD_PROJECT":"project-zirconium","EVENTARC_CLOUD_EVENT_SOURCE":"projects/project-zirconium/locations/us-central1/functions/aggregateAnalyticsHttp"},"runtime":"nodejs20","ingressSettings":"ALLOW_ALL","buildId":"50b588d5-5ed3-4e25-9e18-d74078a84298","buildEnvironmentVariables":{"GOOGLE_NODE_RUN_SCRIPTS":""},"buildName":"projects/1096564243475/locations/us-central1/builds/50b588d5-5ed3-4e25-9e18-d74078a84298","dockerRegistry":"ARTIFACT_REGISTRY","automaticUpdatePolicy":{},"buildServiceAccount":"projects/project-zirconium/serviceAccounts/1096564243475-compute@developer.gserviceaccount.com","satisfiesPzi":true},{"name":"projects/project-zirconium/locations/us-central1/functions/getAuthUsers","httpsTrigger":{"url":"https://us-central1-project-zirconium.cloudfunctions.net/getAuthUsers","securityLevel":"SECURE_ALWAYS"},"status":"ACTIVE","entryPoint":"getAuthUsers","timeout":"60s","availableMemoryMb":256,"serviceAccountEmail":"project-zirconium@appspot.gserviceaccount.com","updateTime":"2026-03-25T23:42:43.359Z","versionId":"4","labels":{"deployment-tool":"cli-firebase","deployment-callable":"true","firebase-functions-hash":"4afd1d6c52835c582ee2202aef7270c51c755aba"},"sourceUploadUrl":"https://storage.googleapis.com/uploads-872713332804.us-central1.cloudfunctions.appspot.com/c9ab6ac1-5f32-494d-ae56-862938da1a90.zip","environmentVariables":{"GROQ_API_KEY_1":"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","GROQ_API_KEY_2":"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","FIREBASE_CONFIG":"{\"projectId\":\"project-zirconium\",\"storageBucket\":\"project-zirconium.firebasestorage.app\"}","GCLOUD_PROJECT":"project-zirconium","EVENTARC_CLOUD_EVENT_SOURCE":"projects/project-zirconium/locations/us-central1/functions/getAuthUsers"},"runtime":"nodejs20","ingressSettings":"ALLOW_ALL","buildId":"50b588d5-5ed3-4e25-9e18-d74078a84298","buildEnvironmentVariables":{"GOOGLE_NODE_RUN_SCRIPTS":""},"buildName":"projects/1096564243475/locations/us-central1/builds/50b588d5-5ed3-4e25-9e18-d74078a84298","dockerRegistry":"ARTIFACT_REGISTRY","automaticUpdatePolicy":{},"buildServiceAccount":"projects/project-zirconium/serviceAccounts/1096564243475-compute@developer.gserviceaccount.com","satisfiesPzi":true},{"name":"projects/project-zirconium/locations/us-central1/functions/getStripeConfig","httpsTrigger":{"url":"https://us-central1-project-zirconium.cloudfunctions.net/getStripeConfig","securityLevel":"SECURE_ALWAYS"},"status":"ACTIVE","entryPoint":"getStripeConfig","timeout":"60s","availableMemoryMb":256,"serviceAccountEmail":"project-zirconium@appspot.gserviceaccount.com","updateTime":"2026-03-25T23:42:45.175Z","versionId":"4","labels":{"deployment-tool":"cli-firebase","deployment-callable":"true","firebase-functions-hash":"4afd1d6c52835c582ee2202aef7270c51c755aba"},"sourceUploadUrl":"https://storage.googleapis.com/uploads-872713332804.us-central1.cloudfunctions.appspot.com/c9ab6ac1-5f32-494d-ae56-862938da1a90.zip","environmentVariables":{"GROQ_API_KEY_1":"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","GROQ_API_KEY_2":"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","FIREBASE_CONFIG":"{\"projectId\":\"project-zirconium\",\"storageBucket\":\"project-zirconium.firebasestorage.app\"}","GCLOUD_PROJECT":"project-zirconium","EVENTARC_CLOUD_EVENT_SOURCE":"projects/project-zirconium/locations/us-central1/functions/getStripeConfig"},"runtime":"nodejs20","ingressSettings":"ALLOW_ALL","buildId":"50b588d5-5ed3-4e25-9e18-d74078a84298","buildEnvironmentVariables":{"GOOGLE_NODE_RUN_SCRIPTS":""},"buildName":"projects/1096564243475/locations/us-central1/builds/50b588d5-5ed3-4e25-9e18-d74078a84298","dockerRegistry":"ARTIFACT_REGISTRY","automaticUpdatePolicy":{},"buildServiceAccount":"projects/project-zirconium/serviceAccounts/1096564243475-compute@developer.gserviceaccount.com","satisfiesPzi":true},{"name":"projects/project-zirconium/locations/us-central1/functions/reportContent","httpsTrigger":{"url":"https://us-central1-project-zirconium.cloudfunctions.net/reportContent","securityLevel":"SECURE_ALWAYS"},"status":"ACTIVE","entryPoint":"reportContent","timeout":"60s","availableMemoryMb":256,"serviceAccountEmail":"project-zirconium@appspot.gserviceaccount.com","updateTime":"2026-03-25T23:42:49.961Z","versionId":"4","labels":{"deployment-tool":"cli-firebase","deployment-callable":"true","firebase-functions-hash":"4afd1d6c52835c582ee2202aef7270c51c755aba"},"sourceUploadUrl":"https://storage.googleapis.com/uploads-872713332804.us-central1.cloudfunctions.appspot.com/c9ab6ac1-5f32-494d-ae56-862938da1a90.zip","environmentVariables":{"GROQ_API_KEY_1":"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","GROQ_API_KEY_2":"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","FIREBASE_CONFIG":"{\"projectId\":\"project-zirconium\",\"storageBucket\":\"project-zirconium.firebasestorage.app\"}","GCLOUD_PROJECT":"project-zirconium","EVENTARC_CLOUD_EVENT_SOURCE":"projects/project-zirconium/locations/us-central1/functions/reportContent"},"runtime":"nodejs20","ingressSettings":"ALLOW_ALL","buildId":"50b588d5-5ed3-4e25-9e18-d74078a84298","buildEnvironmentVariables":{"GOOGLE_NODE_RUN_SCRIPTS":""},"buildName":"projects/1096564243475/locations/us-central1/builds/50b588d5-5ed3-4e25-9e18-d74078a84298","dockerRegistry":"ARTIFACT_REGISTRY","automaticUpdatePolicy":{},"buildServiceAccount":"projects/project-zirconium/serviceAccounts/1096564243475-compute@developer.gserviceaccount.com","satisfiesPzi":true},{"name":"projects/project-zirconium/locations/us-central1/functions/generateCode","httpsTrigger":{"url":"https://us-central1-project-zirconium.cloudfunctions.net/generateCode","securityLevel":"SECURE_ALWAYS"},"status":"ACTIVE","entryPoint":"generateCode","timeout":"60s","availableMemoryMb":256,"serviceAccountEmail":"project-zirconium@appspot.gserviceaccount.com","updateTime":"2026-03-25T23:42:44.259Z","versionId":"4","labels":{"deployment-tool":"cli-firebase","deployment-callable":"true","firebase-functions-hash":"4afd1d6c52835c582ee2202aef7270c51c755aba"},"sourceUploadUrl":"https://storage.googleapis.com/uploads-872713332804.us-central1.cloudfunctions.appspot.com/c9ab6ac1-5f32-494d-ae56-862938da1a90.zip","environmentVariables":{"GROQ_API_KEY_1":"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","GROQ_API_KEY_2":"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","FIREBASE_CONFIG":"{\"projectId\":\"project-zirconium\",\"storageBucket\":\"project-zirconium.firebasestorage.app\"}","GCLOUD_PROJECT":"project-zirconium","EVENTARC_CLOUD_EVENT_SOURCE":"projects/project-zirconium/locations/us-central1/functions/generateCode"},"runtime":"nodejs20","ingressSettings":"ALLOW_ALL","buildId":"50b588d5-5ed3-4e25-9e18-d74078a84298","buildEnvironmentVariables":{"GOOGLE_NODE_RUN_SCRIPTS":""},"buildName":"projects/1096564243475/locations/us-central1/builds/50b588d5-5ed3-4e25-9e18-d74078a84298","dockerRegistry":"ARTIFACT_REGISTRY","automaticUpdatePolicy":{},"buildServiceAccount":"projects/project-zirconium/serviceAccounts/1096564243475-compute@developer.gserviceaccount.com","satisfiesPzi":true},{"name":"projects/project-zirconium/locations/us-central1/functions/aggregatePlatformAnalytics","eventTrigger":{"eventType":"google.pubsub.topic.publish","resource":"projects/project-zirconium/topics/firebase-schedule-aggregatePlatformAnalytics-us-central1","service":"pubsub.googleapis.com","failurePolicy":{}},"status":"ACTIVE","entryPoint":"aggregatePlatformAnalytics","timeout":"60s","availableMemoryMb":256,"serviceAccountEmail":"project-zirconium@appspot.gserviceaccount.com","updateTime":"2026-03-25T23:42:38.138476657Z","versionId":"1","labels":{"deployment-tool":"cli-firebase","deployment-scheduled":"true","firebase-functions-hash":"4afd1d6c52835c582ee2202aef7270c51c755aba"},"sourceUploadUrl":"https://storage.googleapis.com/uploads-872713332804.us-central1.cloudfunctions.appspot.com/c9ab6ac1-5f32-494d-ae56-862938da1a90.zip","environmentVariables":{"GROQ_API_KEY_1":"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","GROQ_API_KEY_2":"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","FIREBASE_CONFIG":"{\"projectId\":\"project-zirconium\",\"storageBucket\":\"project-zirconium.firebasestorage.app\"}","GCLOUD_PROJECT":"project-zirconium","EVENTARC_CLOUD_EVENT_SOURCE":"projects/project-zirconium/locations/us-central1/functions/aggregatePlatformAnalytics"},"runtime":"nodejs20","maxInstances":3000,"ingressSettings":"ALLOW_ALL","buildId":"50b588d5-5ed3-4e25-9e18-d74078a84298","buildEnvironmentVariables":{"GOOGLE_NODE_RUN_SCRIPTS":""},"buildName":"projects/1096564243475/locations/us-central1/builds/50b588d5-5ed3-4e25-9e18-d74078a84298","dockerRegistry":"ARTIFACT_REGISTRY","automaticUpdatePolicy":{},"buildServiceAccount":"projects/project-zirconium/serviceAccounts/1096564243475-compute@developer.gserviceaccount.com","satisfiesPzi":true},{"name":"projects/project-zirconium/locations/us-central1/functions/createCheckoutSession","httpsTrigger":{"url":"https://us-central1-project-zirconium.cloudfunctions.net/createCheckoutSession","securityLevel":"SECURE_ALWAYS"},"status":"ACTIVE","entryPoint":"createCheckoutSession","timeout":"60s","availableMemoryMb":256,"serviceAccountEmail":"project-zirconium@appspot.gserviceaccount.com","updateTime":"2026-03-25T23:42:46.108Z","versionId":"4","labels":{"deployment-tool":"cli-firebase","deployment-callable":"true","firebase-functions-hash":"4afd1d6c52835c582ee2202aef7270c51c755aba"},"sourceUploadUrl":"https://storage.googleapis.com/uploads-872713332804.us-central1.cloudfunctions.appspot.com/c9ab6ac1-5f32-494d-ae56-862938da1a90.zip","environmentVariables":{"GROQ_API_KEY_1":"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","GROQ_API_KEY_2":"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","FIREBASE_CONFIG":"{\"projectId\":\"project-zirconium\",\"storageBucket\":\"project-zirconium.firebasestorage.app\"}","GCLOUD_PROJECT":"project-zirconium","EVENTARC_CLOUD_EVENT_SOURCE":"projects/project-zirconium/locations/us-central1/functions/createCheckoutSession"},"runtime":"nodejs20","ingressSettings":"ALLOW_ALL","buildId":"50b588d5-5ed3-4e25-9e18-d74078a84298","buildEnvironmentVariables":{"GOOGLE_NODE_RUN_SCRIPTS":""},"buildName":"projects/1096564243475/locations/us-central1/builds/50b588d5-5ed3-4e25-9e18-d74078a84298","dockerRegistry":"ARTIFACT_REGISTRY","automaticUpdatePolicy":{},"buildServiceAccount":"projects/project-zirconium/serviceAccounts/1096564243475-compute@developer.gserviceaccount.com","satisfiesPzi":true},{"name":"projects/project-zirconium/locations/us-central1/functions/soundboardProcessor","httpsTrigger":{"url":"https://us-central1-project-zirconium.cloudfunctions.net/soundboardProcessor","securityLevel":"SECURE_ALWAYS"},"status":"ACTIVE","entryPoint":"soundboardProcessor","timeout":"60s","availableMemoryMb":256,"serviceAccountEmail":"project-zirconium@appspot.gserviceaccount.com","updateTime":"2026-03-25T23:42:49.992Z","versionId":"4","labels":{"firebase-functions-hash":"4afd1d6c52835c582ee2202aef7270c51c755aba","deployment-tool":"cli-firebase","deployment-callable":"true"},"sourceUploadUrl":"https://storage.googleapis.com/uploads-872713332804.us-central1.cloudfunctions.appspot.com/c9ab6ac1-5f32-494d-ae56-862938da1a90.zip","environmentVariables":{"GROQ_API_KEY_1":"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","GROQ_API_KEY_2":"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","FIREBASE_CONFIG":"{\"projectId\":\"project-zirconium\",\"storageBucket\":\"project-zirconium.firebasestorage.app\"}","GCLOUD_PROJECT":"project-zirconium","EVENTARC_CLOUD_EVENT_SOURCE":"projects/project-zirconium/locations/us-central1/functions/soundboardProcessor"},"runtime":"nodejs20","ingressSettings":"ALLOW_ALL","buildId":"50b588d5-5ed3-4e25-9e18-d74078a84298","buildEnvironmentVariables":{"GOOGLE_NODE_RUN_SCRIPTS":""},"buildName":"projects/1096564243475/locations/us-central1/builds/50b588d5-5ed3-4e25-9e18-d74078a84298","dockerRegistry":"ARTIFACT_REGISTRY","automaticUpdatePolicy":{},"buildServiceAccount":"projects/project-zirconium/serviceAccounts/1096564243475-compute@developer.gserviceaccount.com","satisfiesPzi":true},{"name":"projects/project-zirconium/locations/us-central1/functions/getWordData","httpsTrigger":{"url":"https://us-central1-project-zirconium.cloudfunctions.net/getWordData","securityLevel":"SECURE_ALWAYS"},"status":"ACTIVE","entryPoint":"getWordData","timeout":"60s","availableMemoryMb":256,"serviceAccountEmail":"project-zirconium@appspot.gserviceaccount.com","updateTime":"2026-03-25T23:42:44.908Z","versionId":"4","labels":{"deployment-tool":"cli-firebase","firebase-functions-hash":"4afd1d6c52835c582ee2202aef7270c51c755aba"},"sourceUploadUrl":"https://storage.googleapis.com/uploads-872713332804.us-central1.cloudfunctions.appspot.com/c9ab6ac1-5f32-494d-ae56-862938da1a90.zip","environmentVariables":{"GROQ_API_KEY_1":"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","GROQ_API_KEY_2":"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","FIREBASE_CONFIG":"{\"projectId\":\"project-zirconium\",\"storageBucket\":\"project-zirconium.firebasestorage.app\"}","GCLOUD_PROJECT":"project-zirconium","EVENTARC_CLOUD_EVENT_SOURCE":"projects/project-zirconium/locations/us-central1/functions/getWordData"},"runtime":"nodejs20","ingressSettings":"ALLOW_ALL","buildId":"50b588d5-5ed3-4e25-9e18-d74078a84298","buildEnvironmentVariables":{"GOOGLE_NODE_RUN_SCRIPTS":""},"buildName":"projects/1096564243475/locations/us-central1/builds/50b588d5-5ed3-4e25-9e18-d74078a84298","dockerRegistry":"ARTIFACT_REGISTRY","automaticUpdatePolicy":{},"buildServiceAccount":"projects/project-zirconium/serviceAccounts/1096564243475-compute@developer.gserviceaccount.com","satisfiesPzi":true}]}
[debug] [2026-03-25T23:57:25.142Z] Checked if tokens are valid: true, expires at: 1774485490017
[debug] [2026-03-25T23:57:25.142Z] Checked if tokens are valid: true, expires at: 1774485490017
[debug] [2026-03-25T23:57:25.143Z] >>> [apiv2][query] GET https://cloudfunctions.googleapis.com/v2/projects/project-zirconium/locations/-/functions filter=environment%3D%22GEN_2%22
[debug] [2026-03-25T23:57:25.581Z] <<< [apiv2][status] GET https://cloudfunctions.googleapis.com/v2/projects/project-zirconium/locations/-/functions 200
[debug] [2026-03-25T23:57:25.582Z] <<< [apiv2][body] GET https://cloudfunctions.googleapis.com/v2/projects/project-zirconium/locations/-/functions {}
[info] i  functions: ensuring required API cloudscheduler.googleapis.com is enabled... 
[debug] [2026-03-25T23:57:25.588Z] Checked if tokens are valid: true, expires at: 1774485490017
[debug] [2026-03-25T23:57:25.588Z] Checked if tokens are valid: true, expires at: 1774485490017
[debug] [2026-03-25T23:57:25.588Z] >>> [apiv2][query] GET https://cloudresourcemanager.googleapis.com/v1/projects/project-zirconium [none]
[debug] [2026-03-25T23:57:25.671Z] <<< [apiv2][status] GET https://cloudresourcemanager.googleapis.com/v1/projects/project-zirconium 200
[debug] [2026-03-25T23:57:25.671Z] <<< [apiv2][body] GET https://cloudresourcemanager.googleapis.com/v1/projects/project-zirconium {"projectNumber":"1096564243475","projectId":"project-zirconium","lifecycleState":"ACTIVE","name":"4SP ","labels":{"firebase":"enabled","firebase-core":"disabled"},"createTime":"2025-09-05T15:28:00.459712Z"}
[debug] [2026-03-25T23:57:25.673Z] Checked if tokens are valid: true, expires at: 1774485490017
[debug] [2026-03-25T23:57:25.673Z] Checked if tokens are valid: true, expires at: 1774485490017
[debug] [2026-03-25T23:57:25.673Z] >>> [apiv2][query] GET https://firebaserules.googleapis.com/v1/projects/project-zirconium/releases pageSize=10&pageToken=
[debug] [2026-03-25T23:57:25.947Z] <<< [apiv2][status] GET https://firebaserules.googleapis.com/v1/projects/project-zirconium/releases 200
[debug] [2026-03-25T23:57:25.947Z] <<< [apiv2][body] GET https://firebaserules.googleapis.com/v1/projects/project-zirconium/releases {"releases":[{"name":"projects/project-zirconium/releases/cloud.firestore","rulesetName":"projects/project-zirconium/rulesets/a497ac98-a2ad-4b18-b248-f9e7f99c08b9","createTime":"2025-09-30T22:12:09.014422Z","updateTime":"2026-03-25T23:54:10.935773Z"},{"name":"projects/project-zirconium/releases/firebase.storage/project-zirconium.firebasestorage.app","rulesetName":"projects/project-zirconium/rulesets/6a51e647-71fd-496c-b264-2f72f9287968","createTime":"2025-11-25T00:59:38.250412Z","updateTime":"2026-03-13T23:14:45.540514Z"}]}
[debug] [2026-03-25T23:57:25.956Z] Checked if tokens are valid: true, expires at: 1774485490017
[debug] [2026-03-25T23:57:25.956Z] Checked if tokens are valid: true, expires at: 1774485490017
[debug] [2026-03-25T23:57:25.956Z] >>> [apiv2][query] GET https://firebaserules.googleapis.com/v1/projects/project-zirconium/rulesets/a497ac98-a2ad-4b18-b248-f9e7f99c08b9 [none]
[debug] [2026-03-25T23:57:26.054Z] <<< [apiv2][status] GET https://firebaserules.googleapis.com/v1/projects/project-zirconium/rulesets/a497ac98-a2ad-4b18-b248-f9e7f99c08b9 200
[debug] [2026-03-25T23:57:26.054Z] <<< [apiv2][body] GET https://firebaserules.googleapis.com/v1/projects/project-zirconium/rulesets/a497ac98-a2ad-4b18-b248-f9e7f99c08b9 [omitted]
[info] i  firestore: latest version of firestore.rules already up to date, skipping upload... 
[info] i  firestore: deploying indexes... 
[debug] [2026-03-25T23:57:26.059Z] Checked if tokens are valid: true, expires at: 1774485490017
[debug] [2026-03-25T23:57:26.059Z] Checked if tokens are valid: true, expires at: 1774485490017
[debug] [2026-03-25T23:57:26.059Z] >>> [apiv2][query] GET https://cloudbilling.googleapis.com/v1/projects/project-zirconium/billingInfo [none]
[debug] [2026-03-25T23:57:26.245Z] <<< [apiv2][status] GET https://cloudbilling.googleapis.com/v1/projects/project-zirconium/billingInfo 200
[debug] [2026-03-25T23:57:26.245Z] <<< [apiv2][body] GET https://cloudbilling.googleapis.com/v1/projects/project-zirconium/billingInfo {"name":"projects/project-zirconium/billingInfo","projectId":"project-zirconium","billingAccountName":"billingAccounts/01C6EA-362974-C718EE","billingEnabled":true}
[debug] [2026-03-25T23:57:26.246Z] Checked if tokens are valid: true, expires at: 1774485490017
[debug] [2026-03-25T23:57:26.246Z] Checked if tokens are valid: true, expires at: 1774485490017
[debug] [2026-03-25T23:57:26.247Z] >>> [apiv2][query] POST https://cloudfunctions.googleapis.com/v1/projects/project-zirconium/locations/us-central1/functions:generateUploadUrl [none]
[debug] [2026-03-25T23:57:26.247Z] >>> [apiv2][body] POST https://cloudfunctions.googleapis.com/v1/projects/project-zirconium/locations/us-central1/functions:generateUploadUrl {}
[debug] [2026-03-25T23:57:26.736Z] <<< [apiv2][status] POST https://cloudfunctions.googleapis.com/v1/projects/project-zirconium/locations/us-central1/functions:generateUploadUrl 200
[debug] [2026-03-25T23:57:26.736Z] <<< [apiv2][body] POST https://cloudfunctions.googleapis.com/v1/projects/project-zirconium/locations/us-central1/functions:generateUploadUrl {"uploadUrl":"https://storage.googleapis.com/uploads-872713332804.us-central1.cloudfunctions.appspot.com/a52cb392-23df-4d0b-9684-a602d6de8adc.zip?GoogleAccessId=service-1096564243475@gcf-admin-robot.iam.gserviceaccount.com&Expires=1774484847&Signature=Xfqn1OfXRaIDqEjqkiVNuaSCIIHz1K4YFz48V5an9b3hM5A%2B1%2BbbO5sBWOCzEwKbQ9QogmJg5VFmOunnPN%2FxY%2BWMxaufOCONLgCkCj7o8YrxIIBt90DT9pPYjVOIFYWxmSm78Lv72ljR%2FNUW6aMXrpNdyCkqZM4%2BvhC%2F6My%2FqddWRfwp6NeJtbsmIjci0vy2M6tFtI6L4YwZKelyaJrMltZEq7WBhes7AC7Ba3vU74qwN0q6rTonotGn6NzETnkOYtwVA%2FirzrKKoc%2BT%2BkkjvzkgW4R%2FMtlkF8mrr%2FeV8LXLTwxDloLLsVfBy5axadPFuIWMvQtgxjxFOiWNvdcr%2Fw%3D%3D"}
[debug] [2026-03-25T23:57:26.737Z] >>> [apiv2][query] PUT https://storage.googleapis.com/uploads-872713332804.us-central1.cloudfunctions.appspot.com/a52cb392-23df-4d0b-9684-a602d6de8adc.zip GoogleAccessId=service-1096564243475%40gcf-admin-robot.iam.gserviceaccount.com&Expires=1774484847&Signature=Xfqn1OfXRaIDqEjqkiVNuaSCIIHz1K4YFz48V5an9b3hM5A%2B1%2BbbO5sBWOCzEwKbQ9QogmJg5VFmOunnPN%2FxY%2BWMxaufOCONLgCkCj7o8YrxIIBt90DT9pPYjVOIFYWxmSm78Lv72ljR%2FNUW6aMXrpNdyCkqZM4%2BvhC%2F6My%2FqddWRfwp6NeJtbsmIjci0vy2M6tFtI6L4YwZKelyaJrMltZEq7WBhes7AC7Ba3vU74qwN0q6rTonotGn6NzETnkOYtwVA%2FirzrKKoc%2BT%2BkkjvzkgW4R%2FMtlkF8mrr%2FeV8LXLTwxDloLLsVfBy5axadPFuIWMvQtgxjxFOiWNvdcr%2Fw%3D%3D
[debug] [2026-03-25T23:57:26.737Z] >>> [apiv2][body] PUT https://storage.googleapis.com/uploads-872713332804.us-central1.cloudfunctions.appspot.com/a52cb392-23df-4d0b-9684-a602d6de8adc.zip [stream]
[debug] [2026-03-25T23:57:26.970Z] <<< [apiv2][status] PUT https://storage.googleapis.com/uploads-872713332804.us-central1.cloudfunctions.appspot.com/a52cb392-23df-4d0b-9684-a602d6de8adc.zip 200
[debug] [2026-03-25T23:57:26.970Z] <<< [apiv2][body] PUT https://storage.googleapis.com/uploads-872713332804.us-central1.cloudfunctions.appspot.com/a52cb392-23df-4d0b-9684-a602d6de8adc.zip [omitted]
[info] ✔  functions: functions source uploaded successfully 
[debug] [2026-03-25T23:57:26.972Z] [rules] releasing cloud.firestore/(default) with ruleset projects/project-zirconium/rulesets/a497ac98-a2ad-4b18-b248-f9e7f99c08b9
[debug] [2026-03-25T23:57:26.973Z] Checked if tokens are valid: true, expires at: 1774485490017
[debug] [2026-03-25T23:57:26.973Z] Checked if tokens are valid: true, expires at: 1774485490017
[debug] [2026-03-25T23:57:26.973Z] >>> [apiv2][query] PATCH https://firebaserules.googleapis.com/v1/projects/project-zirconium/releases/cloud.firestore/(default) [none]
[debug] [2026-03-25T23:57:26.973Z] >>> [apiv2][body] PATCH https://firebaserules.googleapis.com/v1/projects/project-zirconium/releases/cloud.firestore/(default) {"release":{"name":"projects/project-zirconium/releases/cloud.firestore/(default)","rulesetName":"projects/project-zirconium/rulesets/a497ac98-a2ad-4b18-b248-f9e7f99c08b9"}}
[debug] [2026-03-25T23:57:27.333Z] <<< [apiv2][status] PATCH https://firebaserules.googleapis.com/v1/projects/project-zirconium/releases/cloud.firestore/(default) 200
[debug] [2026-03-25T23:57:27.333Z] <<< [apiv2][body] PATCH https://firebaserules.googleapis.com/v1/projects/project-zirconium/releases/cloud.firestore/(default) {"name":"projects/project-zirconium/releases/cloud.firestore","rulesetName":"projects/project-zirconium/rulesets/a497ac98-a2ad-4b18-b248-f9e7f99c08b9","createTime":"2025-09-30T22:12:09.014422Z","updateTime":"2026-03-25T23:57:27.810265Z"}
[debug] [2026-03-25T23:57:27.334Z] [rules] updated release projects/project-zirconium/releases/cloud.firestore
[info] ✔  firestore: released rules firestore.rules to cloud.firestore 
[info] i  functions: Skipping the deploy of unchanged functions. 
[info] 
The following functions are found in your project but do not exist in your local source code:
	cleanupExpiredDailyPhotos(us-central1)
	cleanupExpiredDailyPhotosHttp(us-central1)

If you are renaming a function or changing its region, it is recommended that you create the new function first before deleting the old one to prevent event loss. For more info, visit https://firebase.google.com/docs/functions/manage-functions#modify

